2024-01-15 19:41:32,013 - INFO - Scraped 2 unique emails from https://marshlandfishing.com/
2024-02-23 15:57:40,035 - INFO - No emails found on https://alexanderfn.com/
2024-02-23 15:59:12,673 - INFO - Scraped 28 unique emails from https://www.ansn.ca/contact/eop-members/
2024-03-01 16:43:56,550 - INFO - Scraped 2 unique emails from https://www.albertalawoffice.ca/
2025-08-29 13:45:46,904 - INFO - Attempting to scrape https://httpbin.org/html using requests and BeautifulSoup...
2025-08-29 13:45:48,405 - INFO - No emails found on https://httpbin.org/html
2025-08-29 13:57:44,116 - INFO - Attempting to scrape https://httpbin.org/html using requests and BeautifulSoup...
2025-08-29 13:57:48,051 - INFO - No emails found on https://httpbin.org/html
2025-08-29 13:58:08,220 - INFO - Attempting to scrape https://example.com using requests and BeautifulSoup...
2025-08-29 13:58:08,727 - INFO - No emails found on https://example.com
2025-08-29 14:00:17,264 - INFO - Attempting to scrape https://www.wheatlandroofing.com/ using requests and BeautifulSoup...
2025-08-29 14:00:17,685 - INFO - No emails found on https://www.wheatlandroofing.com/
2025-08-29 14:00:25,892 - INFO - Attempting to scrape https://www.wheatlandroofing.com/ using requests and BeautifulSoup...
2025-08-29 14:00:26,286 - INFO - No emails found on https://www.wheatlandroofing.com/
2025-08-29 14:03:03,186 - INFO - Attempting to scrape https://httpbin.org/html using requests and BeautifulSoup...
2025-08-29 14:03:04,488 - INFO - No emails found on https://httpbin.org/html
2025-08-29 14:04:45,585 - INFO - Attempting to scrape https://httpbin.org/html using requests and BeautifulSoup...
2025-08-29 14:04:46,039 - INFO - No emails found on https://httpbin.org/html
2025-08-29 14:06:20,269 - INFO - Attempting to scrape https://www.wheatlandroofing.com/ using requests and BeautifulSoup...
2025-08-29 14:07:00,109 - ERROR - Request failed for https://www.wheatlandroofing.com/: HTTPSConnectionPool(host='www.wheatlandroofing.com', port=443): Read timed out. (read timeout=30)
2025-08-29 14:08:24,157 - INFO - Attempting to scrape https://www.wheatlandroofing.com/ using requests and BeautifulSoup...
2025-08-29 14:08:24,789 - INFO - No emails found on https://www.wheatlandroofing.com/
2025-08-29 14:08:25,795 - INFO - Attempting to scrape https://www.wheatlandroofing.com/services/leaf-guard-regina using requests and BeautifulSoup...
2025-08-29 14:08:27,261 - INFO - No emails found on https://www.wheatlandroofing.com/services/leaf-guard-regina
2025-08-29 14:08:28,266 - INFO - Attempting to scrape https://www.wheatlandroofing.com/fort-quapelle/roofing using requests and BeautifulSoup...
2025-08-29 14:08:32,850 - INFO - No emails found on https://www.wheatlandroofing.com/fort-quapelle/roofing
2025-08-29 14:08:33,856 - INFO - Attempting to scrape https://www.wheatlandroofing.com/why-us/showroom using requests and BeautifulSoup...
2025-08-29 14:08:34,880 - INFO - No emails found on https://www.wheatlandroofing.com/why-us/showroom
2025-08-29 14:08:35,886 - INFO - Attempting to scrape https://www.wheatlandroofing.com/services/insulation-regina using requests and BeautifulSoup...
2025-08-29 14:08:36,598 - INFO - No emails found on https://www.wheatlandroofing.com/services/insulation-regina
2025-08-29 14:15:37,553 - INFO - Attempting to scrape https://roofmart.ca/ using requests and BeautifulSoup...
2025-08-29 14:15:39,009 - INFO - No emails found on https://roofmart.ca/
2025-08-29 14:15:40,015 - INFO - Attempting to scrape https://roofmart.ca/new-partnership using requests and BeautifulSoup...
2025-08-29 14:15:40,994 - INFO - No emails found on https://roofmart.ca/new-partnership
2025-08-29 14:15:42,000 - INFO - Attempting to scrape https://roofmart.ca/about using requests and BeautifulSoup...
2025-08-29 14:15:42,922 - INFO - No emails found on https://roofmart.ca/about
2025-08-29 14:15:43,928 - INFO - Attempting to scrape https://roofmart.ca using requests and BeautifulSoup...
2025-08-29 14:15:45,070 - INFO - No emails found on https://roofmart.ca
2025-08-29 14:15:46,076 - INFO - Attempting to scrape https://roofmart.ca/the-top-3-amazing-facts-about-iko-dynasty-roofing-shingles using requests and BeautifulSoup...
2025-08-29 14:15:46,615 - INFO - No emails found on https://roofmart.ca/the-top-3-amazing-facts-about-iko-dynasty-roofing-shingles
2025-08-29 14:15:47,620 - INFO - Attempting to scrape https://roofmart.ca/terms-of-sale using requests and BeautifulSoup...
2025-08-29 14:15:48,595 - INFO - No emails found on https://roofmart.ca/terms-of-sale
2025-08-29 14:15:49,601 - INFO - Attempting to scrape https://roofmart.ca/contact using requests and BeautifulSoup...
2025-08-29 14:15:50,218 - INFO - No emails found on https://roofmart.ca/contact
2025-08-29 14:15:51,224 - INFO - Attempting to scrape https://roofmart.ca/how-prozone-and-ordertrax-benefit-roofmart-customers using requests and BeautifulSoup...
2025-08-29 14:15:51,668 - INFO - No emails found on https://roofmart.ca/how-prozone-and-ordertrax-benefit-roofmart-customers
2025-08-29 14:15:52,673 - INFO - Attempting to scrape https://roofmart.ca/important-update-on-pricing-supply-us-canada-tariffs using requests and BeautifulSoup...
2025-08-29 14:15:53,155 - INFO - No emails found on https://roofmart.ca/important-update-on-pricing-supply-us-canada-tariffs
2025-08-29 14:15:54,161 - INFO - Attempting to scrape https://roofmart.ca/resources using requests and BeautifulSoup...
2025-08-29 14:15:54,819 - INFO - No emails found on https://roofmart.ca/resources
2025-08-29 14:26:30,641 - INFO - Attempting to scrape https://www.pro-west.ca/ using requests and BeautifulSoup...
2025-08-29 14:26:30,995 - INFO - Scraped 4 new unique emails from https://www.pro-west.ca/
2025-08-29 14:26:32,000 - INFO - Attempting to scrape https://www.pro-west.ca/parts using requests and BeautifulSoup...
2025-08-29 14:26:32,301 - INFO - Scraped 0 new unique emails from https://www.pro-west.ca/parts
2025-08-29 14:26:33,307 - INFO - Attempting to scrape https://www.pro-west.ca/espar using requests and BeautifulSoup...
2025-08-29 14:26:33,670 - INFO - Scraped 0 new unique emails from https://www.pro-west.ca/espar
2025-08-29 14:26:34,675 - INFO - Attempting to scrape https://www.pro-west.ca/qbd using requests and BeautifulSoup...
2025-08-29 14:26:35,007 - INFO - Scraped 0 new unique emails from https://www.pro-west.ca/qbd
2025-08-29 14:26:36,012 - INFO - Attempting to scrape https://www.pro-west.ca/moncton using requests and BeautifulSoup...
2025-08-29 14:26:36,294 - INFO - Scraped 2 new unique emails from https://www.pro-west.ca/moncton
2025-08-29 14:26:37,299 - INFO - Attempting to scrape https://www.pro-west.ca/bergstrom using requests and BeautifulSoup...
2025-08-29 14:26:37,636 - INFO - Scraped 0 new unique emails from https://www.pro-west.ca/bergstrom
2025-08-29 14:26:38,641 - INFO - Attempting to scrape https://www.pro-west.ca/home using requests and BeautifulSoup...
2025-08-29 14:26:39,080 - INFO - Scraped 0 new unique emails from https://www.pro-west.ca/home
2025-08-29 14:26:40,085 - INFO - Attempting to scrape https://www.pro-west.ca/sheet-metal1 using requests and BeautifulSoup...
2025-08-29 14:26:40,838 - INFO - Scraped 0 new unique emails from https://www.pro-west.ca/sheet-metal1
2025-08-29 14:26:41,843 - INFO - Attempting to scrape https://www.pro-west.ca/regina using requests and BeautifulSoup...
2025-08-29 14:26:42,161 - INFO - Scraped 2 new unique emails from https://www.pro-west.ca/regina
2025-08-29 14:26:43,167 - INFO - Attempting to scrape https://www.pro-west.ca/commercial using requests and BeautifulSoup...
2025-08-29 14:26:43,434 - INFO - Scraped 0 new unique emails from https://www.pro-west.ca/commercial
2025-08-29 14:57:21,684 - INFO - Attempting to scrape https://www.dun-ritevac.com using requests and BeautifulSoup...
2025-08-29 14:57:22,256 - INFO - Scraped 5 new unique emails from https://www.dun-ritevac.com
2025-08-29 14:57:23,261 - INFO - Attempting to scrape https://www.dun-ritevac.com/air-duct-cleaning-yorkton using requests and BeautifulSoup...
2025-08-29 14:57:24,184 - INFO - Scraped 0 new unique emails from https://www.dun-ritevac.com/air-duct-cleaning-yorkton
2025-08-29 14:57:25,190 - INFO - Attempting to scrape https://www.dun-ritevac.com/air-duct-cleaning-weyburn using requests and BeautifulSoup...
2025-08-29 14:57:26,095 - INFO - Scraped 0 new unique emails from https://www.dun-ritevac.com/air-duct-cleaning-weyburn
2025-08-29 14:57:27,100 - INFO - Attempting to scrape https://www.dun-ritevac.com/dryer-vent-cleaning using requests and BeautifulSoup...
2025-08-29 14:57:28,058 - INFO - Scraped 0 new unique emails from https://www.dun-ritevac.com/dryer-vent-cleaning
2025-08-29 14:57:29,064 - INFO - Attempting to scrape https://www.dun-ritevac.com/central-vac-cleaning using requests and BeautifulSoup...
2025-08-29 14:57:29,986 - INFO - Scraped 0 new unique emails from https://www.dun-ritevac.com/central-vac-cleaning
2025-08-29 14:57:30,992 - INFO - Attempting to scrape https://www.dun-ritevac.com/residential-furnace-duct-cleaning using requests and BeautifulSoup...
2025-08-29 14:57:31,903 - INFO - Scraped 0 new unique emails from https://www.dun-ritevac.com/residential-furnace-duct-cleaning
2025-08-29 14:57:32,909 - INFO - Attempting to scrape https://www.dun-ritevac.com/blog using requests and BeautifulSoup...
2025-08-29 14:57:33,801 - INFO - Scraped 0 new unique emails from https://www.dun-ritevac.com/blog
2025-08-29 14:57:34,807 - INFO - Attempting to scrape https://www.dun-ritevac.com/yorkton-location using requests and BeautifulSoup...
2025-08-29 14:57:35,702 - INFO - Scraped 1 new unique emails from https://www.dun-ritevac.com/yorkton-location
2025-08-29 14:57:36,708 - INFO - Attempting to scrape https://www.dun-ritevac.com/privacy-policy using requests and BeautifulSoup...
2025-08-29 14:57:37,627 - INFO - Scraped 0 new unique emails from https://www.dun-ritevac.com/privacy-policy
2025-08-29 14:57:38,633 - INFO - Attempting to scrape https://www.dun-ritevac.com/employment using requests and BeautifulSoup...
2025-08-29 14:57:39,526 - INFO - Scraped 0 new unique emails from https://www.dun-ritevac.com/employment
2025-08-29 15:40:01,977 - INFO - Attempting to scrape https://sterlingplumbing.ca/ using requests and BeautifulSoup...
2025-08-29 15:40:02,524 - INFO - No emails found on https://sterlingplumbing.ca/
2025-08-29 15:40:03,530 - INFO - Attempting to scrape https://sterlingplumbing.ca/sterling-projects using requests and BeautifulSoup...
2025-08-29 15:40:04,352 - INFO - No emails found on https://sterlingplumbing.ca/sterling-projects
2025-08-29 15:40:05,358 - INFO - Attempting to scrape https://sterlingplumbing.ca/boilers using requests and BeautifulSoup...
2025-08-29 15:40:06,270 - INFO - No emails found on https://sterlingplumbing.ca/boilers
2025-08-29 15:40:07,275 - INFO - Attempting to scrape https://sterlingplumbing.ca/electrical using requests and BeautifulSoup...
2025-08-29 15:40:08,193 - INFO - No emails found on https://sterlingplumbing.ca/electrical
2025-08-29 15:40:09,199 - INFO - Attempting to scrape https://sterlingplumbing.ca/a-c-maintenance using requests and BeautifulSoup...
2025-08-29 15:40:10,033 - INFO - No emails found on https://sterlingplumbing.ca/a-c-maintenance
2025-08-29 15:40:11,039 - INFO - Attempting to scrape https://sterlingplumbing.ca/plumbing using requests and BeautifulSoup...
2025-08-29 15:40:11,930 - INFO - No emails found on https://sterlingplumbing.ca/plumbing
2025-08-29 15:40:12,935 - INFO - Attempting to scrape https://sterlingplumbing.ca using requests and BeautifulSoup...
2025-08-29 15:40:13,491 - INFO - No emails found on https://sterlingplumbing.ca
2025-08-29 15:40:14,496 - INFO - Attempting to scrape https://sterlingplumbing.ca/contact-us using requests and BeautifulSoup...
2025-08-29 15:40:15,719 - INFO - Scraped 2 new unique emails from https://sterlingplumbing.ca/contact-us
2025-08-29 15:40:16,724 - INFO - Attempting to scrape https://sterlingplumbing.ca/careers using requests and BeautifulSoup...
2025-08-29 15:40:17,906 - INFO - No emails found on https://sterlingplumbing.ca/careers
2025-08-29 15:40:18,911 - INFO - Attempting to scrape https://sterlingplumbing.ca/water-filtration using requests and BeautifulSoup...
2025-08-29 15:40:19,825 - INFO - No emails found on https://sterlingplumbing.ca/water-filtration
2025-08-29 15:41:48,885 - INFO - Attempting to scrape https://sterlingplumbing.ca/ using requests and BeautifulSoup...
2025-08-29 15:41:50,724 - INFO - No emails found on https://sterlingplumbing.ca/
2025-08-29 15:41:51,729 - INFO - Attempting to scrape https://sterlingplumbing.ca using requests and BeautifulSoup...
2025-08-29 15:41:52,339 - INFO - No emails found on https://sterlingplumbing.ca
2025-08-29 15:41:53,344 - INFO - Attempting to scrape https://sterlingplumbing.ca/a-c-maintenance using requests and BeautifulSoup...
2025-08-29 15:41:54,206 - INFO - No emails found on https://sterlingplumbing.ca/a-c-maintenance
2025-08-29 15:41:55,211 - INFO - Attempting to scrape https://sterlingplumbing.ca/a-c using requests and BeautifulSoup...
2025-08-29 15:41:56,168 - INFO - No emails found on https://sterlingplumbing.ca/a-c
2025-08-29 15:41:57,173 - INFO - Attempting to scrape https://sterlingplumbing.ca/water-filtration using requests and BeautifulSoup...
2025-08-29 15:41:59,116 - INFO - No emails found on https://sterlingplumbing.ca/water-filtration
2025-08-29 15:42:00,120 - INFO - Attempting to scrape https://sterlingplumbing.ca/contact-us using requests and BeautifulSoup...
2025-08-29 15:42:01,442 - INFO - Scraped 2 new unique emails from https://sterlingplumbing.ca/contact-us
2025-08-29 15:42:02,444 - INFO - Attempting to scrape https://sterlingplumbing.ca/furnace-maintenance using requests and BeautifulSoup...
2025-08-29 15:42:03,277 - INFO - No emails found on https://sterlingplumbing.ca/furnace-maintenance
2025-08-29 15:42:04,279 - INFO - Attempting to scrape https://sterlingplumbing.ca/information-resource using requests and BeautifulSoup...
2025-08-29 15:42:05,624 - INFO - No emails found on https://sterlingplumbing.ca/information-resource
2025-08-29 15:42:06,629 - INFO - Attempting to scrape https://sterlingplumbing.ca/water-heaters-rent-or-buy using requests and BeautifulSoup...
2025-08-29 15:42:07,721 - INFO - No emails found on https://sterlingplumbing.ca/water-heaters-rent-or-buy
2025-08-29 15:42:08,727 - INFO - Attempting to scrape https://sterlingplumbing.ca/water-heater-repair using requests and BeautifulSoup...
2025-08-29 15:42:10,168 - INFO - No emails found on https://sterlingplumbing.ca/water-heater-repair
2025-08-29 15:43:32,224 - INFO - Attempting to scrape https://sterlingplumbing.ca/ using requests and BeautifulSoup...
2025-08-29 15:43:32,800 - INFO - No emails found on https://sterlingplumbing.ca/
2025-08-29 15:43:33,805 - INFO - Attempting to scrape https://sterlingplumbing.ca/furnace-rent-or-buy using requests and BeautifulSoup...
2025-08-29 15:43:34,555 - INFO - No emails found on https://sterlingplumbing.ca/furnace-rent-or-buy
2025-08-29 15:43:35,560 - INFO - Attempting to scrape https://sterlingplumbing.ca/promotions using requests and BeautifulSoup...
2025-08-29 15:43:36,399 - INFO - No emails found on https://sterlingplumbing.ca/promotions
2025-08-29 15:43:37,405 - INFO - Attempting to scrape https://sterlingplumbing.ca/a-c using requests and BeautifulSoup...
2025-08-29 15:43:38,227 - INFO - No emails found on https://sterlingplumbing.ca/a-c
2025-08-29 15:43:39,232 - INFO - Attempting to scrape https://sterlingplumbing.ca/contact-us using requests and BeautifulSoup...
2025-08-29 15:43:40,093 - INFO - Scraped 2 new unique emails from https://sterlingplumbing.ca/contact-us
2025-08-29 15:43:41,098 - INFO - Attempting to scrape https://sterlingplumbing.ca/water-filtration using requests and BeautifulSoup...
2025-08-29 15:43:41,995 - INFO - No emails found on https://sterlingplumbing.ca/water-filtration
2025-08-29 15:43:43,001 - INFO - Attempting to scrape https://sterlingplumbing.ca/sterling-care-maintenance-plans using requests and BeautifulSoup...
2025-08-29 15:43:43,863 - INFO - No emails found on https://sterlingplumbing.ca/sterling-care-maintenance-plans
2025-08-29 15:43:44,869 - INFO - Attempting to scrape https://sterlingplumbing.ca/electrical using requests and BeautifulSoup...
2025-08-29 15:43:45,858 - INFO - No emails found on https://sterlingplumbing.ca/electrical
2025-08-29 15:43:46,862 - INFO - Attempting to scrape https://sterlingplumbing.ca/water-heaters-general using requests and BeautifulSoup...
2025-08-29 15:43:47,925 - INFO - No emails found on https://sterlingplumbing.ca/water-heaters-general
2025-08-29 15:43:48,931 - INFO - Attempting to scrape https://sterlingplumbing.ca/boilers using requests and BeautifulSoup...
2025-08-29 15:43:49,829 - INFO - No emails found on https://sterlingplumbing.ca/boilers
2025-08-29 15:52:50,020 - INFO - Attempting to scrape https://nickelplumbing.com/ using requests and BeautifulSoup...
2025-08-29 15:52:52,334 - INFO - Scraped 2 new unique emails from https://nickelplumbing.com/
2025-08-29 15:52:53,336 - INFO - Attempting to scrape https://nickelplumbing.com/services/refrigeration-services using requests and BeautifulSoup...
2025-08-29 15:52:56,921 - INFO - Scraped 0 new unique emails from https://nickelplumbing.com/services/refrigeration-services
2025-08-29 15:52:57,928 - INFO - Attempting to scrape https://nickelplumbing.com/services/plumbing-services using requests and BeautifulSoup...
2025-08-29 15:53:01,735 - INFO - Scraped 0 new unique emails from https://nickelplumbing.com/services/plumbing-services
2025-08-29 15:53:02,742 - INFO - Attempting to scrape https://nickelplumbing.com/services/boiler-services using requests and BeautifulSoup...
2025-08-29 15:53:06,422 - INFO - Scraped 0 new unique emails from https://nickelplumbing.com/services/boiler-services
2025-08-29 15:53:07,429 - INFO - Attempting to scrape https://nickelplumbing.com/privacy-policy using requests and BeautifulSoup...
2025-08-29 15:53:09,857 - INFO - Attempting to scrape https://www.wolseleyinc.ca/ using requests and BeautifulSoup...
2025-08-29 15:53:10,205 - INFO - No emails found on https://www.wolseleyinc.ca/
2025-08-29 15:53:10,943 - INFO - Scraped 0 new unique emails from https://nickelplumbing.com/privacy-policy
2025-08-29 15:53:11,211 - INFO - Attempting to scrape https://www.wolseleyinc.ca/index.html using requests and BeautifulSoup...
2025-08-29 15:53:11,559 - INFO - No emails found on https://www.wolseleyinc.ca/index.html
2025-08-29 15:53:12,565 - INFO - Attempting to scrape https://www.wolseleyinc.ca/contact.php using requests and BeautifulSoup...
2025-08-29 15:53:12,853 - INFO - No emails found on https://www.wolseleyinc.ca/contact.php
2025-08-29 15:53:13,859 - INFO - Attempting to scrape https://www.wolseleyinc.ca/terms-and-conditions.html using requests and BeautifulSoup...
2025-08-29 15:53:14,080 - INFO - No emails found on https://www.wolseleyinc.ca/terms-and-conditions.html
2025-08-29 15:53:15,084 - INFO - Attempting to scrape https://www.wolseleyinc.ca/register-account.html using requests and BeautifulSoup...
2025-08-29 15:53:15,287 - INFO - No emails found on https://www.wolseleyinc.ca/register-account.html
2025-08-29 15:53:39,752 - INFO - Attempting to scrape https://www.wolseleyinc.ca/ using requests and BeautifulSoup...
2025-08-29 15:53:39,966 - INFO - No emails found on https://www.wolseleyinc.ca/
2025-08-29 15:53:40,971 - INFO - Attempting to scrape https://www.wolseleyinc.ca/sitemap.html using requests and BeautifulSoup...
2025-08-29 15:53:41,253 - INFO - No emails found on https://www.wolseleyinc.ca/sitemap.html
2025-08-29 15:53:42,258 - INFO - Attempting to scrape https://www.wolseleyinc.ca/services.html using requests and BeautifulSoup...
2025-08-29 15:53:42,531 - INFO - No emails found on https://www.wolseleyinc.ca/services.html
2025-08-29 15:53:43,538 - INFO - Attempting to scrape https://www.wolseleyinc.ca/careers.html using requests and BeautifulSoup...
2025-08-29 15:53:43,796 - INFO - No emails found on https://www.wolseleyinc.ca/careers.html
2025-08-29 15:53:44,802 - INFO - Attempting to scrape https://www.wolseleyinc.ca/privacy-policy.html using requests and BeautifulSoup...
2025-08-29 15:53:45,139 - INFO - Scraped 4 new unique emails from https://www.wolseleyinc.ca/privacy-policy.html
2025-08-29 15:53:46,144 - INFO - Attempting to scrape https://www.wolseleyinc.ca/index.html using requests and BeautifulSoup...
2025-08-29 15:53:46,368 - INFO - No emails found on https://www.wolseleyinc.ca/index.html
2025-08-29 15:53:47,373 - INFO - Attempting to scrape https://www.wolseleyinc.ca/national-account-services.html using requests and BeautifulSoup...
2025-08-29 15:53:47,750 - INFO - No emails found on https://www.wolseleyinc.ca/national-account-services.html
2025-08-29 15:53:48,751 - INFO - Attempting to scrape https://www.wolseleyinc.ca/credit-account.html using requests and BeautifulSoup...
2025-08-29 15:53:49,070 - INFO - Scraped 4 new unique emails from https://www.wolseleyinc.ca/credit-account.html
2025-08-29 15:53:50,073 - INFO - Attempting to scrape https://www.wolseleyinc.ca/terms-and-conditions.html using requests and BeautifulSoup...
2025-08-29 15:53:50,345 - INFO - No emails found on https://www.wolseleyinc.ca/terms-and-conditions.html
2025-08-29 15:53:51,350 - INFO - Attempting to scrape https://www.wolseleyinc.ca/terms-and-conditions-purchase.html using requests and BeautifulSoup...
2025-08-29 15:53:51,847 - INFO - No emails found on https://www.wolseleyinc.ca/terms-and-conditions-purchase.html
2025-08-30 11:33:04,228 - INFO - Attempting to scrape https://www.mortgageapplyonline.ca/ using requests and BeautifulSoup...
2025-08-30 11:33:04,725 - INFO - Scraped 1 new unique emails from https://www.mortgageapplyonline.ca/
2025-08-30 11:33:05,728 - INFO - Attempting to scrape https://www.mortgageapplyonline.ca/residential-mortgage-edmonton/first-time-home-buyers using requests and BeautifulSoup...
2025-08-30 11:33:07,259 - INFO - No emails found on https://www.mortgageapplyonline.ca/residential-mortgage-edmonton/first-time-home-buyers
2025-08-30 11:33:08,265 - INFO - Attempting to scrape https://www.mortgageapplyonline.ca/blogs using requests and BeautifulSoup...
2025-08-30 11:33:09,820 - INFO - No emails found on https://www.mortgageapplyonline.ca/blogs
2025-08-30 11:33:10,827 - INFO - Attempting to scrape https://www.mortgageapplyonline.ca/about-mortgage-broker/about-dominion-lending using requests and BeautifulSoup...
2025-08-30 11:33:12,516 - INFO - No emails found on https://www.mortgageapplyonline.ca/about-mortgage-broker/about-dominion-lending
2025-08-30 11:33:13,522 - INFO - Attempting to scrape https://www.mortgageapplyonline.ca/about-mortgage-broker using requests and BeautifulSoup...
2025-08-30 11:33:15,104 - INFO - No emails found on https://www.mortgageapplyonline.ca/about-mortgage-broker
2025-08-30 11:33:59,334 - INFO - Attempting to scrape https://www.mortgageapplyonline.ca/ using requests and BeautifulSoup...
2025-08-30 11:33:59,875 - INFO - Scraped 1 new unique emails from https://www.mortgageapplyonline.ca/
2025-08-30 11:34:00,882 - INFO - Attempting to scrape https://www.mortgageapplyonline.ca/residential-mortgage-edmonton/pre-approval using requests and BeautifulSoup...
2025-08-30 11:34:02,477 - INFO - Scraped 1 new unique emails from https://www.mortgageapplyonline.ca/residential-mortgage-edmonton/pre-approval
2025-08-30 11:34:03,484 - INFO - Attempting to scrape https://www.mortgageapplyonline.ca/residential-mortgage-edmonton using requests and BeautifulSoup...
2025-08-30 11:34:05,160 - INFO - No emails found on https://www.mortgageapplyonline.ca/residential-mortgage-edmonton
2025-08-30 11:34:06,167 - INFO - Attempting to scrape https://www.mortgageapplyonline.ca/commercial-mortgage-edmonton using requests and BeautifulSoup...
2025-08-30 11:34:07,812 - INFO - No emails found on https://www.mortgageapplyonline.ca/commercial-mortgage-edmonton
2025-08-30 11:34:08,818 - INFO - Attempting to scrape https://www.mortgageapplyonline.ca/about-mortgage-broker/profile using requests and BeautifulSoup...
2025-08-30 11:34:10,342 - INFO - No emails found on https://www.mortgageapplyonline.ca/about-mortgage-broker/profile
2025-08-30 11:34:11,348 - INFO - Attempting to scrape https://www.mortgageapplyonline.ca/why-millennials-and-gen-z-are-choosing-to-apply-for-mortgages-online using requests and BeautifulSoup...
2025-08-30 11:34:12,872 - INFO - No emails found on https://www.mortgageapplyonline.ca/why-millennials-and-gen-z-are-choosing-to-apply-for-mortgages-online
2025-08-30 11:34:13,887 - INFO - Attempting to scrape https://www.mortgageapplyonline.ca/residential-mortgage-edmonton/refinance using requests and BeautifulSoup...
2025-08-30 11:34:15,672 - INFO - No emails found on https://www.mortgageapplyonline.ca/residential-mortgage-edmonton/refinance
2025-08-30 11:34:16,678 - INFO - Attempting to scrape https://www.mortgageapplyonline.ca/how-to-save-thousands-on-your-mortgage-canadian-edition using requests and BeautifulSoup...
2025-08-30 11:34:18,083 - INFO - No emails found on https://www.mortgageapplyonline.ca/how-to-save-thousands-on-your-mortgage-canadian-edition
2025-08-30 11:34:19,090 - INFO - Attempting to scrape https://www.mortgageapplyonline.ca/residential-mortgage-edmonton/incentive using requests and BeautifulSoup...
2025-08-30 11:34:20,711 - INFO - No emails found on https://www.mortgageapplyonline.ca/residential-mortgage-edmonton/incentive
2025-08-30 11:34:21,718 - INFO - Attempting to scrape https://www.mortgageapplyonline.ca/sitemap using requests and BeautifulSoup...
2025-08-30 11:34:23,206 - INFO - No emails found on https://www.mortgageapplyonline.ca/sitemap
2025-08-30 11:35:57,634 - INFO - Attempting to scrape https://www.albertamortgagepros.ca/ using requests and BeautifulSoup...
2025-08-30 11:35:58,064 - INFO - Scraped 1 new unique emails from https://www.albertamortgagepros.ca/
2025-08-30 11:35:59,071 - INFO - Attempting to scrape https://www.albertamortgagepros.ca/index.php/team using requests and BeautifulSoup...
2025-08-30 11:35:59,482 - INFO - Scraped 0 new unique emails from https://www.albertamortgagepros.ca/index.php/team
2025-08-30 11:36:00,489 - INFO - Attempting to scrape https://www.albertamortgagepros.ca/index.php/rates using requests and BeautifulSoup...
2025-08-30 11:36:00,966 - INFO - Scraped 0 new unique emails from https://www.albertamortgagepros.ca/index.php/rates
2025-08-30 11:36:01,973 - INFO - Attempting to scrape https://www.albertamortgagepros.ca/index.php/testimonials using requests and BeautifulSoup...
2025-08-30 11:36:02,523 - INFO - Scraped 0 new unique emails from https://www.albertamortgagepros.ca/index.php/testimonials
2025-08-30 11:36:03,529 - INFO - Attempting to scrape https://www.albertamortgagepros.ca/index.php/mortgages-pre-approval using requests and BeautifulSoup...
2025-08-30 11:36:04,071 - INFO - Scraped 0 new unique emails from https://www.albertamortgagepros.ca/index.php/mortgages-pre-approval
2025-08-30 11:36:05,078 - INFO - Attempting to scrape https://www.albertamortgagepros.ca/index.php/links-of-interest using requests and BeautifulSoup...
2025-08-30 11:36:05,614 - INFO - Scraped 0 new unique emails from https://www.albertamortgagepros.ca/index.php/links-of-interest
2025-08-30 11:36:06,621 - INFO - Attempting to scrape https://www.albertamortgagepros.ca/index.php/edmonton-mortgage-brokers using requests and BeautifulSoup...
2025-08-30 11:36:07,178 - INFO - Scraped 0 new unique emails from https://www.albertamortgagepros.ca/index.php/edmonton-mortgage-brokers
2025-08-30 11:36:08,184 - INFO - Attempting to scrape https://www.albertamortgagepros.ca/index.php/blog/post/347/70-of-new-homebuyers-needed-down-payment-help using requests and BeautifulSoup...
2025-08-30 11:36:08,830 - INFO - Scraped 0 new unique emails from https://www.albertamortgagepros.ca/index.php/blog/post/347/70-of-new-homebuyers-needed-down-payment-help
2025-08-30 11:36:09,837 - INFO - Attempting to scrape https://www.albertamortgagepros.ca/index.php/freereports using requests and BeautifulSoup...
2025-08-30 11:36:10,363 - INFO - Scraped 0 new unique emails from https://www.albertamortgagepros.ca/index.php/freereports
2025-08-30 11:36:11,370 - INFO - Attempting to scrape https://www.albertamortgagepros.ca/index.php/mortgages-investment-properties using requests and BeautifulSoup...
2025-08-30 11:36:11,906 - INFO - Scraped 0 new unique emails from https://www.albertamortgagepros.ca/index.php/mortgages-investment-properties
2025-08-30 11:38:33,837 - INFO - Attempting to scrape https://canadianmortgagepro.com/ using requests and BeautifulSoup...
2025-08-30 11:38:34,778 - INFO - No emails found on https://canadianmortgagepro.com/
2025-08-30 11:38:35,784 - INFO - Attempting to scrape https://canadianmortgagepro.com/mortgage-calculators using requests and BeautifulSoup...
2025-08-30 11:38:37,165 - INFO - No emails found on https://canadianmortgagepro.com/mortgage-calculators
2025-08-30 11:38:38,171 - INFO - Attempting to scrape https://canadianmortgagepro.com/2025/08/19 using requests and BeautifulSoup...
2025-08-30 11:38:39,327 - INFO - No emails found on https://canadianmortgagepro.com/2025/08/19
2025-08-30 11:38:40,334 - INFO - Attempting to scrape https://canadianmortgagepro.com/avoid-these-common-mistakes using requests and BeautifulSoup...
2025-08-30 11:38:41,401 - INFO - No emails found on https://canadianmortgagepro.com/avoid-these-common-mistakes
2025-08-30 11:38:42,407 - INFO - Attempting to scrape https://canadianmortgagepro.com/variable-rate-mortgage using requests and BeautifulSoup...
2025-08-30 11:38:43,502 - INFO - No emails found on https://canadianmortgagepro.com/variable-rate-mortgage
2025-08-30 11:38:44,509 - INFO - Attempting to scrape https://canadianmortgagepro.com/why-use-a-mortgage-broker using requests and BeautifulSoup...
2025-08-30 11:38:45,712 - INFO - No emails found on https://canadianmortgagepro.com/why-use-a-mortgage-broker
2025-08-30 11:38:46,719 - INFO - Attempting to scrape https://canadianmortgagepro.com/protect-your-credit-score using requests and BeautifulSoup...
2025-08-30 11:38:47,744 - INFO - No emails found on https://canadianmortgagepro.com/protect-your-credit-score
2025-08-30 11:38:48,751 - INFO - Attempting to scrape https://canadianmortgagepro.com/who-we-are using requests and BeautifulSoup...
2025-08-30 11:38:49,773 - INFO - No emails found on https://canadianmortgagepro.com/who-we-are
2025-08-30 11:38:50,775 - INFO - Attempting to scrape https://canadianmortgagepro.com/action-centre using requests and BeautifulSoup...
2025-08-30 11:38:51,943 - INFO - No emails found on https://canadianmortgagepro.com/action-centre
2025-08-30 11:38:52,950 - INFO - Attempting to scrape https://canadianmortgagepro.com/first-time-home-buyers using requests and BeautifulSoup...
2025-08-30 11:38:53,949 - INFO - No emails found on https://canadianmortgagepro.com/first-time-home-buyers
2025-08-30 11:40:29,284 - INFO - Attempting to scrape https://www.truenorthmortgage.ca/ using requests and BeautifulSoup...
2025-08-30 11:40:29,741 - INFO - No emails found on https://www.truenorthmortgage.ca/
2025-08-30 11:40:30,744 - INFO - Attempting to scrape https://www.truenorthmortgage.ca/search using requests and BeautifulSoup...
2025-08-30 11:40:32,445 - INFO - No emails found on https://www.truenorthmortgage.ca/search
2025-08-30 11:40:33,451 - INFO - Attempting to scrape https://www.truenorthmortgage.ca/tools/renewal-calculator using requests and BeautifulSoup...
2025-08-30 11:40:33,951 - INFO - No emails found on https://www.truenorthmortgage.ca/tools/renewal-calculator
2025-08-30 11:40:34,957 - INFO - Attempting to scrape https://www.truenorthmortgage.ca/tools/mortgage-renewal-reminder using requests and BeautifulSoup...
2025-08-30 11:40:35,421 - INFO - No emails found on https://www.truenorthmortgage.ca/tools/mortgage-renewal-reminder
2025-08-30 11:40:36,429 - INFO - Attempting to scrape https://www.truenorthmortgage.ca/blog/mortgage-payment-frequency using requests and BeautifulSoup...
2025-08-30 11:40:36,985 - INFO - No emails found on https://www.truenorthmortgage.ca/blog/mortgage-payment-frequency
2025-08-30 11:40:37,992 - INFO - Attempting to scrape https://www.truenorthmortgage.ca/blog/your-income using requests and BeautifulSoup...
2025-08-30 11:40:38,465 - INFO - No emails found on https://www.truenorthmortgage.ca/blog/your-income
2025-08-30 11:40:39,472 - INFO - Attempting to scrape https://www.truenorthmortgage.ca/locations using requests and BeautifulSoup...
2025-08-30 11:40:39,970 - INFO - No emails found on https://www.truenorthmortgage.ca/locations
2025-08-30 11:40:40,973 - INFO - Attempting to scrape https://www.truenorthmortgage.ca/blog/category/mortgage-info using requests and BeautifulSoup...
2025-08-30 11:40:41,422 - INFO - No emails found on https://www.truenorthmortgage.ca/blog/category/mortgage-info
2025-08-30 11:40:42,428 - INFO - Attempting to scrape https://www.truenorthmortgage.ca/tools/payments-calculator using requests and BeautifulSoup...
2025-08-30 11:40:42,980 - INFO - No emails found on https://www.truenorthmortgage.ca/tools/payments-calculator
2025-08-30 11:40:43,986 - INFO - Attempting to scrape https://www.truenorthmortgage.ca/blog/what-is-an-insured-mortgage using requests and BeautifulSoup...
2025-08-30 11:40:44,489 - INFO - No emails found on https://www.truenorthmortgage.ca/blog/what-is-an-insured-mortgage
